[cclab.tothong.com/index.html]
[backblue.gif]
[fade.gif]
[index.html]
[cclab.tothong.com/wp-content/themes/brunelleschi/stylec1f9.css]
[cclab.tothong.com/wp-content/plugins/jetpack/css/jetpackf3c8.css]
[cclab.tothong.com/feed/index.html]
[cclab.tothong.com/wp-content/themes/brunelleschi/js/modernizr-2.5.2.minc1f9.js]
[cclab.tothong.com/wp-content/themes/brunelleschi/js/respondc1f9.js]
[cclab.tothong.com/wp-includes/js/jquery/jquery-migrate.min1576.js]
[cclab.tothong.com/comments/feed/index.html]
[cclab.tothong.com/wp-content/themes/brunelleschi/js/brunelleschi-scriptsc1f9.js]
[cclab.tothong.com/wp-includes/js/jquery/jqueryc1d8.js]
[cclab.tothong.com/wp-json/index.html]
[cclab.tothong.com/wp-includes/wlwmanifest.xml]
[cclab.tothong.com/wp-content/plugins/vipers-video-quicktags/resources/expressinstall.swf]
[cclab.tothong.com/wp-content/uploads/2011/09/Copper_Red.jpg]
[cclab.tothong.com/wp-content/uploads/2011/11/20111111-_DSC0311.jpg]
[cclab.tothong.com/xmlrpc0db0.php]
[cclab.tothong.com/wp-content/uploads/2011/11/20111111-_DSC0311-1024x680.jpg]
[cclab.tothong.com/wp-content/uploads/2011/11/20111111-_DSC0323.jpg]
[cclab.tothong.com/sample-page/index.html]
[cclab.tothong.com/wp-content/uploads/2011/11/20111111-_DSC0323-1024x680.jpg]
[cclab.tothong.com/2011/11/30/6-the-bulb/index.html]
[cclab.tothong.com/wp-content/uploads/2011/11/20111111-_DSC0325.jpg]
[cclab.tothong.com/wp-content/uploads/2011/11/20111111-_DSC0325-1024x680.jpg]
[cclab.tothong.com/wp-includes/images/smilies/simple-smile.png]
[cclab.tothong.com/category/documentation/index.html]
[cclab.tothong.com/wp-login.html]
[cclab.tothong.com/2011/10/17/5-shifting-out-the-595-chip/index.html]
[s0.wp.com/wp-content/js/devicepx-jetpack3467.js]
[cclab.tothong.com/2011/10/07/4-a-little-playaround-with-circuit/index.html]
[cclab.tothong.com/wp-includes/js/wp-embed.minc1f9.js]
[cclab.tothong.com/index.html]
[cclab.tothong.com/2011/09/30/3-inherited-monkey-eyes/index.html]
[cclab.tothong.com/2011/09/23/2-libraries-minim-sinewave-light-sensor/index.html]
[cclab.tothong.com/xmlrpc.php]
[cclab.tothong.com/2011/09/22/1-pushmatrixpopmatrix-translate-and-rotate/index.html]
[cclab.tothong.com/comments/feed/index.html]
[cclab.tothong.com/tag/p3d/index.html]
[cclab.tothong.com/tag/rain/index.html]
[cclab.tothong.com/wp-content/themes/brunelleschi/images/wordpress.png]
[cclab.tothong.com/wp-content/themes/brunelleschi/stylec1f9.css]
[cclab.tothong.com/2011/09/10/hello-world/index.html]
[cclab.tothong.com/category/uncategorized/index.html]
[cclab.tothong.com/2011/11/index.html]
[cclab.tothong.com/wp-content/plugins/jetpack/modules/carousel/images/arrows.png]
[cclab.tothong.com/2011/10/index.html]
[cclab.tothong.com/wp-content/plugins/jetpack/modules/carousel/images/arrows-2x.png]
[cclab.tothong.com/wp-content/plugins/jetpack/modules/carousel/images/carousel-spritee4da.png]
[cclab.tothong.com/wp-content/plugins/jetpack/modules/carousel/images/carousel-sprite-2xe4da.png]
[cclab.tothong.com/wp-content/plugins/jetpack/modules/shortcodes/img/slideshow-controls.png]
[cclab.tothong.com/2011/09/index.html]
[cclab.tothong.com/wp-content/plugins/jetpack/modules/shortcodes/img/slideshow-controls-2x.png]
[cclab.tothong.com/wp-content/plugins/jetpack/modules/shortcodes/images/slide-nav.png]
[cclab.tothong.com/wp-content/plugins/jetpack/modules/shortcodes/images/expand.png]
[cclab.tothong.com/wp-content/plugins/jetpack/modules/shortcodes/images/collapse.png]
[0.gravatar.com/images/grav-share-sprite.png]
[cclab.tothong.com/wp-content/plugins/jetpack/css/jetpackf3c8.css]
[cclab.tothong.com/wp-json/oembed/1.0/embed62d9.json]
[cclab.tothong.com/index905b.html]
[cclab.tothong.com/sample-page/index.html]
[cclab.tothong.com/wp-json/oembed/1.0/embed3f60]
[cclab.tothong.com/wp-json/oembed/1.0/embedea56.json]
[cclab.tothong.com/wp-admin/index.html]
[cclab.tothong.com/index0d0b.html]
[cclab.tothong.com/2011/11/30/6-the-bulb/index.html]
[cclab.tothong.com/wp-json/oembed/1.0/embed0887]
[cclab.tothong.com/category/documentation/index.html]
[cclab.tothong.com/category/documentation/feed/index.html]
[cclab.tothong.com/wp-json/oembed/1.0/embeda0a2.json]
[cclab.tothong.com/indexdd23.html]
[cclab.tothong.com/2011/10/17/5-shifting-out-the-595-chip/index.html]
[cclab.tothong.com/wp-json/oembed/1.0/embed535c]
[cclab.tothong.com/wp-json/oembed/1.0/embedce51.json]
[cclab.tothong.com/index1c4a.html]
[cclab.tothong.com/2011/10/07/4-a-little-playaround-with-circuit/index.html]
[cclab.tothong.com/wp-json/oembed/1.0/embed2d7b]
[cclab.tothong.com/wp-json/oembed/1.0/embed74b2.json]
[cclab.tothong.com/index3965.html]
[cclab.tothong.com/2011/09/30/3-inherited-monkey-eyes/index.html]
[cclab.tothong.com/wp-json/oembed/1.0/embed49af]
[cclab.tothong.com/wp-json/oembed/1.0/embed861c.json]
[cclab.tothong.com/indexa1ca.html]
[cclab.tothong.com/2011/09/23/2-libraries-minim-sinewave-light-sensor/index.html]
[cclab.tothong.com/wp-json/oembed/1.0/embed26e3]
[cclab.tothong.com/wp-json/oembed/1.0/embed5b44.json]
[cclab.tothong.com/index64b4.html]
[cclab.tothong.com/2011/09/22/1-pushmatrixpopmatrix-translate-and-rotate/index.html]
[cclab.tothong.com/tag/p3d/index.html]
[cclab.tothong.com/tag/rain/index.html]
[cclab.tothong.com/wp-json/oembed/1.0/embedaa0a]
[cclab.tothong.com/tag/p3d/feed/index.html]
[cclab.tothong.com/tag/rain/feed/index.html]
[cclab.tothong.com/2011/09/10/hello-world/index.html]
[cclab.tothong.com/category/uncategorized/index.html]
[cclab.tothong.com/indexcff1.html]
[cclab.tothong.com/2011/11/index.html]
[cclab.tothong.com/2011/10/index.html]
[cclab.tothong.com/2011/09/index.html]
[cclab.tothong.com/wp-json/oembed/1.0/embed7df6]
[cclab.tothong.com/wp-includes/css/buttons.minc1f9.css]
[cclab.tothong.com/category/uncategorized/feed/index.html]
[cclab.tothong.com/wp-includes/css/dashicons.minc1f9.css]
[cclab.tothong.com/2011/09/10/index.html]
[cclab.tothong.com/wp-admin/css/login.minc1f9.css]
[cclab.tothong.com/wp-loginc2b6.html]
[cclab.tothong.com/wp-login.html]
[s0.wp.com/wp-content/js/devicepx-jetpack3467.js]
[cclab.tothong.com/index905b.html]
[cclab.tothong.com/wp-login682b.html]
[cclab.tothong.com/wp-admin/index.html]
[cclab.tothong.com/index0d0b.html]
[cclab.tothong.com/indexdd23.html]
[cclab.tothong.com/index1c4a.html]
[cclab.tothong.com/index3965.html]
[cclab.tothong.com/indexa1ca.html]
[cclab.tothong.com/index64b4.html]
[cclab.tothong.com/indexcff1.html]
[cclab.tothong.com/2011/09/10/index.html]
[cclab.tothong.com/wp-includes/css/buttons.minc1f9.css]
[cclab.tothong.com/wp-includes/fonts/dashicons.eot]
[cclab.tothong.com/wp-includes/css/dashicons.minc1f9.css]
[cclab.tothong.com/wp-admin/images/loading.gif]
[cclab.tothong.com/wp-admin/images/w-logo-blue7a53.png]
[cclab.tothong.com/wp-json/oembed/1.0/embed0791]
[cclab.tothong.com/wp-admin/css/login.minc1f9.css]
[cclab.tothong.com/wp-loginc2b6.html]
[cclab.tothong.com/wp-login682b.html]
[cclab.tothong.com/wp-admin/images/wordpress-logo7d6b.svg]
